00:00 +0: loading C:/Projects/TraqTrace/frontend/traqtrace_app/test/epc_formatter_test.dart
00:00 +0: C:/Projects/TraqTrace/frontend/traqtrace_app/test/epc_formatter_test.dart: EPCFormatter Tests Format URI EPC - already in correct format
00:00 +1: C:/Projects/TraqTrace/frontend/traqtrace_app/test/epc_formatter_test.dart: EPCFormatter Tests Format GS1 barcode format with parentheses to URI
Parsing GS1 barcode: (01)05415062325810(21)70005188444899
00:00 +2: C:/Projects/TraqTrace/frontend/traqtrace_app/test/epc_formatter_test.dart: EPCFormatter Tests Empty string returns empty string
00:00 +3: C:/Projects/TraqTrace/frontend/traqtrace_app/test/epc_formatter_test.dart: EPCFormatter Tests Invalid format returns original input
Parsing GS1 barcode: not-a-valid-format
00:00 +4: C:/Projects/TraqTrace/frontend/traqtrace_app/test/epc_formatter_test.dart: EPCFormatter Tests isLikelyGS1Barcode detects GS1 barcode format with parentheses
00:00 +5: C:/Projects/TraqTrace/frontend/traqtrace_app/test/epc_formatter_test.dart: EPCFormatter Tests isLikelyGS1Barcode detects GS1 barcode format without parentheses
00:00 +6: C:/Projects/TraqTrace/frontend/traqtrace_app/test/epc_formatter_test.dart: EPCFormatter Tests isLikelyGS1Barcode returns false for URI format
00:00 +7: C:/Projects/TraqTrace/frontend/traqtrace_app/test/epc_formatter_test.dart: EPCFormatter Tests formatListToEPCUri handles mixed format list
Parsing GS1 barcode: (01)05415062325810(21)70005188444899
Parsing GS1 barcode: (01)05415062325810(21)70005188444900
flutter : lib/features/gs1/models/gln_model.dart:183:9: Error: Method not 
found: 'debugPrint'.
At line:1 char:5
+ & { flutter test > test_output.txt 2>&1 } | Out-Host; exit $LASTEXITC ...
+     ~~~~~~~~~~~~~~~~~~~~~~~~~~~~~~~~~~~
    + CategoryInfo          : NotSpecified: (lib/features/gs...: 'debugPrint'. 
   :String) [], RemoteException
    + FullyQualifiedErrorId : NativeCommandError
 
        debugPrint('Failed to parse licenseValidUntil: ${e.toString()}');
        ^^^^^^^^^^
00:04 +8 -1: loading C:/Projects/TraqTrace/frontend/traqtrace_app/test/features/epcis/mixins/event_form_validation_mixin_test.dart [E]
  Failed to load "C:/Projects/TraqTrace/frontend/traqtrace_app/test/features/epcis/mixins/event_form_validation_mixin_test.dart":
  Compilation failed for testPath=C:/Projects/TraqTrace/frontend/traqtrace_app/test/features/epcis/mixins/event_form_validation_mixin_test.dart: lib/features/gs1/models/gln_model.dart:183:9: Error: Method not found: 'debugPrint'.
          debugPrint('Failed to parse licenseValidUntil: ${e.toString()}');
          ^^^^^^^^^^
  .
lib/features/gs1/models/gln_model.dart:183:9: Error: Method not found: 
'debugPrint'.
        debugPrint('Failed to parse licenseValidUntil: ${e.toString()}');
        ^^^^^^^^^^
00:14 +8 -2: loading C:/Projects/TraqTrace/frontend/traqtrace_app/test/features/epcis/providers/transaction_document_provider_test.dart [E]
  Failed to load "C:/Projects/TraqTrace/frontend/traqtrace_app/test/features/epcis/providers/transaction_document_provider_test.dart":
  Compilation failed for testPath=C:/Projects/TraqTrace/frontend/traqtrace_app/test/features/epcis/providers/transaction_document_provider_test.dart: lib/features/gs1/models/gln_model.dart:183:9: Error: Method not found: 'debugPrint'.
          debugPrint('Failed to parse licenseValidUntil: ${e.toString()}');
          ^^^^^^^^^^
  .
00:23 +8 -2: C:/Projects/TraqTrace/frontend/traqtrace_app/test/features/epcis/providers/validation_performance_test.dart: ValidationRuleProvider Performance Tests should efficiently filter rules by event type
Error loading validation rules from API: Exception: Error getting validation rules: Binding has not yet been initialized.
The "instance" getter on the ServicesBinding binding mixin is only available once that binding has been initialized.
Typically, this is done by calling "WidgetsFlutterBinding.ensureInitialized()" or "runApp()" (the latter calls the former). Typically this call is done in the "void main()" method. The "ensureInitialized" method is idempotent; calling it multiple times is not harmful. After calling that method, the "instance" getter will return the binding.
In a test, one can call "TestWidgetsFlutterBinding.ensureInitialized()" as the first line in the test's "main()" method to initialize the binding.
If ServicesBinding is a custom binding mixin, there must also be a custom binding class, like WidgetsFlutterBinding, but that mixes in the selected binding, and that is the class that must be constructed before using the "instance" getter.
Loading sample rules as fallback...
Error loading validation rules from API: Exception: Error getting validation rules: Binding has not yet been initialized.
The "instance" getter on the ServicesBinding binding mixin is only available once that binding has been initialized.
Typically, this is done by calling "WidgetsFlutterBinding.ensureInitialized()" or "runApp()" (the latter calls the former). Typically this call is done in the "void main()" method. The "ensureInitialized" method is idempotent; calling it multiple times is not harmful. After calling that method, the "instance" getter will return the binding.
In a test, one can call "TestWidgetsFlutterBinding.ensureInitialized()" as the first line in the test's "main()" method to initialize the binding.
If ServicesBinding is a custom binding mixin, there must also be a custom binding class, like WidgetsFlutterBinding, but that mixes in the selected binding, and that is the class that must be constructed before using the "instance" getter.
Loading sample rules as fallback...
00:24 +8 -3: C:/Projects/TraqTrace/frontend/traqtrace_app/test/features/epcis/providers/validation_performance_test.dart: ValidationRuleProvider Performance Tests should efficiently filter rules by event type [E]
  Expected: <true>
    Actual: <false>
  
  package:matcher                                                      expect
  package:flutter_test/src/widget_tester.dart 473:18                   expect
  test\features\epcis\providers\validation_performance_test.dart 38:7  main.<fn>.<fn>
  
00:24 +8 -3: C:/Projects/TraqTrace/frontend/traqtrace_app/test/features/epcis/providers/validation_performance_test.dart: ValidationRuleProvider Performance Tests should efficiently filter rules by field
Error loading validation rules from API: Exception: Error getting validation rules: Binding has not yet been initialized.
The "instance" getter on the ServicesBinding binding mixin is only available once that binding has been initialized.
Typically, this is done by calling "WidgetsFlutterBinding.ensureInitialized()" or "runApp()" (the latter calls the former). Typically this call is done in the "void main()" method. The "ensureInitialized" method is idempotent; calling it multiple times is not harmful. After calling that method, the "instance" getter will return the binding.
In a test, one can call "TestWidgetsFlutterBinding.ensureInitialized()" as the first line in the test's "main()" method to initialize the binding.
If ServicesBinding is a custom binding mixin, there must also be a custom binding class, like WidgetsFlutterBinding, but that mixes in the selected binding, and that is the class that must be constructed before using the "instance" getter.
Loading sample rules as fallback...
Error loading validation rules from API: Exception: Error getting validation rules: Binding has not yet been initialized.
The "instance" getter on the ServicesBinding binding mixin is only available once that binding has been initialized.
Typically, this is done by calling "WidgetsFlutterBinding.ensureInitialized()" or "runApp()" (the latter calls the former). Typically this call is done in the "void main()" method. The "ensureInitialized" method is idempotent; calling it multiple times is not harmful. After calling that method, the "instance" getter will return the binding.
In a test, one can call "TestWidgetsFlutterBinding.ensureInitialized()" as the first line in the test's "main()" method to initialize the binding.
If ServicesBinding is a custom binding mixin, there must also be a custom binding class, like WidgetsFlutterBinding, but that mixes in the selected binding, and that is the class that must be constructed before using the "instance" getter.
Loading sample rules as fallback...
00:24 +9 -3: C:/Projects/TraqTrace/frontend/traqtrace_app/test/features/epcis/providers/validation_performance_test.dart: ValidationRuleProvider Performance Tests should handle large numbers of rules efficiently
Error loading validation rules from API: Exception: Error getting validation rules: Binding has not yet been initialized.
The "instance" getter on the ServicesBinding binding mixin is only available once that binding has been initialized.
Typically, this is done by calling "WidgetsFlutterBinding.ensureInitialized()" or "runApp()" (the latter calls the former). Typically this call is done in the "void main()" method. The "ensureInitialized" method is idempotent; calling it multiple times is not harmful. After calling that method, the "instance" getter will return the binding.
In a test, one can call "TestWidgetsFlutterBinding.ensureInitialized()" as the first line in the test's "main()" method to initialize the binding.
If ServicesBinding is a custom binding mixin, there must also be a custom binding class, like WidgetsFlutterBinding, but that mixes in the selected binding, and that is the class that must be constructed before using the "instance" getter.
Loading sample rules as fallback...
Error loading validation rules from API: Exception: Error getting validation rules: Binding has not yet been initialized.
The "instance" getter on the ServicesBinding binding mixin is only available once that binding has been initialized.
Typically, this is done by calling "WidgetsFlutterBinding.ensureInitialized()" or "runApp()" (the latter calls the former). Typically this call is done in the "void main()" method. The "ensureInitialized" method is idempotent; calling it multiple times is not harmful. After calling that method, the "instance" getter will return the binding.
In a test, one can call "TestWidgetsFlutterBinding.ensureInitialized()" as the first line in the test's "main()" method to initialize the binding.
If ServicesBinding is a custom binding mixin, there must also be a custom binding class, like WidgetsFlutterBinding, but that mixes in the selected binding, and that is the class that must be constructed before using the "instance" getter.
Loading sample rules as fallback...
Error creating validation rule: Exception: Error creating validation rule: Binding has not yet been initialized.
The "instance" getter on the ServicesBinding binding mixin is only available once that binding has been initialized.
Typically, this is done by calling "WidgetsFlutterBinding.ensureInitialized()" or "runApp()" (the latter calls the former). Typically this call is done in the "void main()" method. The "ensureInitialized" method is idempotent; calling it multiple times is not harmful. After calling that method, the "instance" getter will return the binding.
In a test, one can call "TestWidgetsFlutterBinding.ensureInitialized()" as the first line in the test's "main()" method to initialize the binding.
If ServicesBinding is a custom binding mixin, there must also be a custom binding class, like WidgetsFlutterBinding, but that mixes in the selected binding, and that is the class that must be constructed before using the "instance" getter.
Error creating validation rule: Exception: Error creating validation rule: Binding has not yet been initialized.
The "instance" getter on the ServicesBinding binding mixin is only available once that binding has been initialized.
Typically, this is done by calling "WidgetsFlutterBinding.ensureInitialized()" or "runApp()" (the latter calls the former). Typically this call is done in the "void main()" method. The "ensureInitialized" method is idempotent; calling it multiple times is not harmful. After calling that method, the "instance" getter will return the binding.
In a test, one can call "TestWidgetsFlutterBinding.ensureInitialized()" as the first line in the test's "main()" method to initialize the binding.
If ServicesBinding is a custom binding mixin, there must also be a custom binding class, like WidgetsFlutterBinding, but that mixes in the selected binding, and that is the class that must be constructed before using the "instance" getter.
Error creating validation rule: Exception: Error creating validation rule: Binding has not yet been initialized.
The "instance" getter on the ServicesBinding binding mixin is only available once that binding has been initialized.
Typically, this is done by calling "WidgetsFlutterBinding.ensureInitialized()" or "runApp()" (the latter calls the former). Typically this call is done in the "void main()" method. The "ensureInitialized" method is idempotent; calling it multiple times is not harmful. After calling that method, the "instance" getter will return the binding.
In a test, one can call "TestWidgetsFlutterBinding.ensureInitialized()" as the first line in the test's "main()" method to initialize the binding.
If ServicesBinding is a custom binding mixin, there must also be a custom binding class, like WidgetsFlutterBinding, but that mixes in the selected binding, and that is the class that must be constructed before using the "instance" getter.
Error creating validation rule: Exception: Error creating validation rule: Binding has not yet been initialized.
The "instance" getter on the ServicesBinding binding mixin is only available once that binding has been initialized.
Typically, this is done by calling "WidgetsFlutterBinding.ensureInitialized()" or "runApp()" (the latter calls the former). Typically this call is done in the "void main()" method. The "ensureInitialized" method is idempotent; calling it multiple times is not harmful. After calling that method, the "instance" getter will return the binding.
In a test, one can call "TestWidgetsFlutterBinding.ensureInitialized()" as the first line in the test's "main()" method to initialize the binding.
If ServicesBinding is a custom binding mixin, there must also be a custom binding class, like WidgetsFlutterBinding, but that mixes in the selected binding, and that is the class that must be constructed before using the "instance" getter.
Error creating validation rule: Exception: Error creating validation rule: Binding has not yet been initialized.
The "instance" getter on the ServicesBinding binding mixin is only available once that binding has been initialized.
Typically, this is done by calling "WidgetsFlutterBinding.ensureInitialized()" or "runApp()" (the latter calls the former). Typically this call is done in the "void main()" method. The "ensureInitialized" method is idempotent; calling it multiple times is not harmful. After calling that method, the "instance" getter will return the binding.
In a test, one can call "TestWidgetsFlutterBinding.ensureInitialized()" as the first line in the test's "main()" method to initialize the binding.
If ServicesBinding is a custom binding mixin, there must also be a custom binding class, like WidgetsFlutterBinding, but that mixes in the selected binding, and that is the class that must be constructed before using the "instance" getter.
Error creating validation rule: Exception: Error creating validation rule: Binding has not yet been initialized.
The "instance" getter on the ServicesBinding binding mixin is only available once that binding has been initialized.
Typically, this is done by calling "WidgetsFlutterBinding.ensureInitialized()" or "runApp()" (the latter calls the former). Typically this call is done in the "void main()" method. The "ensureInitialized" method is idempotent; calling it multiple times is not harmful. After calling that method, the "instance" getter will return the binding.
In a test, one can call "TestWidgetsFlutterBinding.ensureInitialized()" as the first line in the test's "main()" method to initialize the binding.
If ServicesBinding is a custom binding mixin, there must also be a custom binding class, like WidgetsFlutterBinding, but that mixes in the selected binding, and that is the class that must be constructed before using the "instance" getter.
Error creating validation rule: Exception: Error creating validation rule: Binding has not yet been initialized.
The "instance" getter on the ServicesBinding binding mixin is only available once that binding has been initialized.
Typically, this is done by calling "WidgetsFlutterBinding.ensureInitialized()" or "runApp()" (the latter calls the former). Typically this call is done in the "void main()" method. The "ensureInitialized" method is idempotent; calling it multiple times is not harmful. After calling that method, the "instance" getter will return the binding.
In a test, one can call "TestWidgetsFlutterBinding.ensureInitialized()" as the first line in the test's "main()" method to initialize the binding.
If ServicesBinding is a custom binding mixin, there must also be a custom binding class, like WidgetsFlutterBinding, but that mixes in the selected binding, and that is the class that must be constructed before using the "instance" getter.
Error creating validation rule: Exception: Error creating validation rule: Binding has not yet been initialized.
The "instance" getter on the ServicesBinding binding mixin is only available once that binding has been initialized.
Typically, this is done by calling "WidgetsFlutterBinding.ensureInitialized()" or "runApp()" (the latter calls the former). Typically this call is done in the "void main()" method. The "ensureInitialized" method is idempotent; calling it multiple times is not harmful. After calling that method, the "instance" getter will return the binding.
In a test, one can call "TestWidgetsFlutterBinding.ensureInitialized()" as the first line in the test's "main()" method to initialize the binding.
If ServicesBinding is a custom binding mixin, there must also be a custom binding class, like WidgetsFlutterBinding, but that mixes in the selected binding, and that is the class that must be constructed before using the "instance" getter.
Error creating validation rule: Exception: Error creating validation rule: Binding has not yet been initialized.
The "instance" getter on the ServicesBinding binding mixin is only available once that binding has been initialized.
Typically, this is done by calling "WidgetsFlutterBinding.ensureInitialized()" or "runApp()" (the latter calls the former). Typically this call is done in the "void main()" method. The "ensureInitialized" method is idempotent; calling it multiple times is not harmful. After calling that method, the "instance" getter will return the binding.
In a test, one can call "TestWidgetsFlutterBinding.ensureInitialized()" as the first line in the test's "main()" method to initialize the binding.
If ServicesBinding is a custom binding mixin, there must also be a custom binding class, like WidgetsFlutterBinding, but that mixes in the selected binding, and that is the class that must be constructed before using the "instance" getter.
Error creating validation rule: Exception: Error creating validation rule: Binding has not yet been initialized.
The "instance" getter on the ServicesBinding binding mixin is only available once that binding has been initialized.
Typically, this is done by calling "WidgetsFlutterBinding.ensureInitialized()" or "runApp()" (the latter calls the former). Typically this call is done in the "void main()" method. The "ensureInitialized" method is idempotent; calling it multiple times is not harmful. After calling that method, the "instance" getter will return the binding.
In a test, one can call "TestWidgetsFlutterBinding.ensureInitialized()" as the first line in the test's "main()" method to initialize the binding.
If ServicesBinding is a custom binding mixin, there must also be a custom binding class, like WidgetsFlutterBinding, but that mixes in the selected binding, and that is the class that must be constructed before using the "instance" getter.
00:25 +10 -3: C:/Projects/TraqTrace/frontend/traqtrace_app/test/features/epcis/providers/validation_performance_test.dart: ValidationRuleProvider Performance Tests reset to defaults should perform efficiently
Error loading validation rules from API: Exception: Error getting validation rules: Binding has not yet been initialized.
The "instance" getter on the ServicesBinding binding mixin is only available once that binding has been initialized.
Typically, this is done by calling "WidgetsFlutterBinding.ensureInitialized()" or "runApp()" (the latter calls the former). Typically this call is done in the "void main()" method. The "ensureInitialized" method is idempotent; calling it multiple times is not harmful. After calling that method, the "instance" getter will return the binding.
In a test, one can call "TestWidgetsFlutterBinding.ensureInitialized()" as the first line in the test's "main()" method to initialize the binding.
If ServicesBinding is a custom binding mixin, there must also be a custom binding class, like WidgetsFlutterBinding, but that mixes in the selected binding, and that is the class that must be constructed before using the "instance" getter.
Loading sample rules as fallback...
Error loading validation rules from API: Exception: Error getting validation rules: Binding has not yet been initialized.
The "instance" getter on the ServicesBinding binding mixin is only available once that binding has been initialized.
Typically, this is done by calling "WidgetsFlutterBinding.ensureInitialized()" or "runApp()" (the latter calls the former). Typically this call is done in the "void main()" method. The "ensureInitialized" method is idempotent; calling it multiple times is not harmful. After calling that method, the "instance" getter will return the binding.
In a test, one can call "TestWidgetsFlutterBinding.ensureInitialized()" as the first line in the test's "main()" method to initialize the binding.
If ServicesBinding is a custom binding mixin, there must also be a custom binding class, like WidgetsFlutterBinding, but that mixes in the selected binding, and that is the class that must be constructed before using the "instance" getter.
Loading sample rules as fallback...
lib/features/gs1/models/gln_model.dart:183:9: Error: Method not found: 
'debugPrint'.
        debugPrint('Failed to parse licenseValidUntil: ${e.toString()}');
        ^^^^^^^^^^
00:25 +11 -3: C:/Projects/TraqTrace/frontend/traqtrace_app/test/features/epcis/providers/validation_performance_test.dart: ValidationRuleProvider Performance Tests reset to defaults should perform efficiently
00:25 +12 -3: C:/Projects/TraqTrace/frontend/traqtrace_app/test/features/epcis/providers/validation_performance_test.dart: ValidationRuleProvider Performance Tests reset to defaults should perform efficiently
00:26 +13 -3: C:/Projects/TraqTrace/frontend/traqtrace_app/test/features/epcis/providers/validation_performance_test.dart: ValidationRuleProvider Performance Tests reset to defaults should perform efficiently
Error creating validation rule: Exception: Error creating validation rule: Binding has not yet been initialized.
The "instance" getter on the ServicesBinding binding mixin is only available once that binding has been initialized.
Typically, this is done by calling "WidgetsFlutterBinding.ensureInitialized()" or "runApp()" (the latter calls the former). Typically this call is done in the "void main()" method. The "ensureInitialized" method is idempotent; calling it multiple times is not harmful. After calling that method, the "instance" getter will return the binding.
In a test, one can call "TestWidgetsFlutterBinding.ensureInitialized()" as the first line in the test's "main()" method to initialize the binding.
If ServicesBinding is a custom binding mixin, there must also be a custom binding class, like WidgetsFlutterBinding, but that mixes in the selected binding, and that is the class that must be constructed before using the "instance" getter.
00:26 +14 -3: C:/Projects/TraqTrace/frontend/traqtrace_app/test/features/epcis/providers/validation_performance_test.dart: ValidationRuleProvider Performance Tests reset to defaults should perform efficiently
Error creating validation rule: Exception: Error creating validation rule: Binding has not yet been initialized.
The "instance" getter on the ServicesBinding binding mixin is only available once that binding has been initialized.
Typically, this is done by calling "WidgetsFlutterBinding.ensureInitialized()" or "runApp()" (the latter calls the former). Typically this call is done in the "void main()" method. The "ensureInitialized" method is idempotent; calling it multiple times is not harmful. After calling that method, the "instance" getter will return the binding.
In a test, one can call "TestWidgetsFlutterBinding.ensureInitialized()" as the first line in the test's "main()" method to initialize the binding.
If ServicesBinding is a custom binding mixin, there must also be a custom binding class, like WidgetsFlutterBinding, but that mixes in the selected binding, and that is the class that must be constructed before using the "instance" getter.
Error creating validation rule: Exception: Error creating validation rule: Binding has not yet been initialized.
The "instance" getter on the ServicesBinding binding mixin is only available once that binding has been initialized.
Typically, this is done by calling "WidgetsFlutterBinding.ensureInitialized()" or "runApp()" (the latter calls the former). Typically this call is done in the "void main()" method. The "ensureInitialized" method is idempotent; calling it multiple times is not harmful. After calling that method, the "instance" getter will return the binding.
In a test, one can call "TestWidgetsFlutterBinding.ensureInitialized()" as the first line in the test's "main()" method to initialize the binding.
If ServicesBinding is a custom binding mixin, there must also be a custom binding class, like WidgetsFlutterBinding, but that mixes in the selected binding, and that is the class that must be constructed before using the "instance" getter.
Error creating validation rule: Exception: Error creating validation rule: Binding has not yet been initialized.
The "instance" getter on the ServicesBinding binding mixin is only available once that binding has been initialized.
Typically, this is done by calling "WidgetsFlutterBinding.ensureInitialized()" or "runApp()" (the latter calls the former). Typically this call is done in the "void main()" method. The "ensureInitialized" method is idempotent; calling it multiple times is not harmful. After calling that method, the "instance" getter will return the binding.
In a test, one can call "TestWidgetsFlutterBinding.ensureInitialized()" as the first line in the test's "main()" method to initialize the binding.
If ServicesBinding is a custom binding mixin, there must also be a custom binding class, like WidgetsFlutterBinding, but that mixes in the selected binding, and that is the class that must be constructed before using the "instance" getter.
Error creating validation rule: Exception: Error creating validation rule: Binding has not yet been initialized.
The "instance" getter on the ServicesBinding binding mixin is only available once that binding has been initialized.
Typically, this is done by calling "WidgetsFlutterBinding.ensureInitialized()" or "runApp()" (the latter calls the former). Typically this call is done in the "void main()" method. The "ensureInitialized" method is idempotent; calling it multiple times is not harmful. After calling that method, the "instance" getter will return the binding.
In a test, one can call "TestWidgetsFlutterBinding.ensureInitialized()" as the first line in the test's "main()" method to initialize the binding.
If ServicesBinding is a custom binding mixin, there must also be a custom binding class, like WidgetsFlutterBinding, but that mixes in the selected binding, and that is the class that must be constructed before using the "instance" getter.
Error resetting validation rules: Exception: Error resetting to defaults: Binding has not yet been initialized.
The "instance" getter on the ServicesBinding binding mixin is only available once that binding has been initialized.
Typically, this is done by calling "WidgetsFlutterBinding.ensureInitialized()" or "runApp()" (the latter calls the former). Typically this call is done in the "void main()" method. The "ensureInitialized" method is idempotent; calling it multiple times is not harmful. After calling that method, the "instance" getter will return the binding.
In a test, one can call "TestWidgetsFlutterBinding.ensureInitialized()" as the first line in the test's "main()" method to initialize the binding.
If ServicesBinding is a custom binding mixin, there must also be a custom binding class, like WidgetsFlutterBinding, but that mixes in the selected binding, and that is the class that must be constructed before using the "instance" getter.
00:26 +15 -3: C:/Projects/TraqTrace/frontend/traqtrace_app/test/features/epcis/providers/validation_rule_provider_test.dart: ValidationRule model tests should convert between JSON and model correctly
00:26 +16 -3: C:/Projects/TraqTrace/frontend/traqtrace_app/test/features/epcis/providers/validation_rule_provider_test.dart: ValidationRule model tests should correctly determine severity properties
00:31 +17 -4: loading C:/Projects/TraqTrace/frontend/traqtrace_app/test/features/epcis/providers/validation_service_provider_cache_test.dart [E]
  Failed to load "C:/Projects/TraqTrace/frontend/traqtrace_app/test/features/epcis/providers/validation_service_provider_cache_test.dart":
  Compilation failed for testPath=C:/Projects/TraqTrace/frontend/traqtrace_app/test/features/epcis/providers/validation_service_provider_cache_test.dart: lib/features/gs1/models/gln_model.dart:183:9: Error: Method not found: 'debugPrint'.
          debugPrint('Failed to parse licenseValidUntil: ${e.toString()}');
          ^^^^^^^^^^
  .
lib/features/gs1/models/gln_model.dart:183:9: Error: Method not found: 
'debugPrint'.
        debugPrint('Failed to parse licenseValidUntil: ${e.toString()}');
        ^^^^^^^^^^
00:39 +17 -5: loading C:/Projects/TraqTrace/frontend/traqtrace_app/test/features/epcis/providers/validation_service_provider_test.dart [E]
  Failed to load "C:/Projects/TraqTrace/frontend/traqtrace_app/test/features/epcis/providers/validation_service_provider_test.dart":
  Compilation failed for testPath=C:/Projects/TraqTrace/frontend/traqtrace_app/test/features/epcis/providers/validation_service_provider_test.dart: lib/features/gs1/models/gln_model.dart:183:9: Error: Method not found: 'debugPrint'.
          debugPrint('Failed to parse licenseValidUntil: ${e.toString()}');
          ^^^^^^^^^^
  .
lib/features/gs1/models/gln_model.dart:183:9: Error: Method not found: 
'debugPrint'.
        debugPrint('Failed to parse licenseValidUntil: ${e.toString()}');
        ^^^^^^^^^^
00:55 +17 -6: loading C:/Projects/TraqTrace/frontend/traqtrace_app/test/features/epcis/services/validation_service_test.dart [E]
  Failed to load "C:/Projects/TraqTrace/frontend/traqtrace_app/test/features/epcis/services/validation_service_test.dart":
  Compilation failed for testPath=C:/Projects/TraqTrace/frontend/traqtrace_app/test/features/epcis/services/validation_service_test.dart: lib/features/gs1/models/gln_model.dart:183:9: Error: Method not found: 'debugPrint'.
          debugPrint('Failed to parse licenseValidUntil: ${e.toString()}');
          ^^^^^^^^^^
  .
00:56 +17 -6: C:/Projects/TraqTrace/frontend/traqtrace_app/test/features/epcis/screens/validation_rule_management_screen_test.dart: ValidationRuleManagementScreen shows rules and UI elements
Unhandled exception:
Null check operator used on a null value
#0      _InitializationFromUri.initialize 
(package:front_end/src/base/incremental_compiler.dart:3006)
<asynchronous suspension>
#1      IncrementalCompiler._ensurePlatformAndInitialize 
(package:front_end/src/base/incremental_compiler.dart:1404)
<asynchronous suspension>
#2      IncrementalCompiler.computeDelta.<anonymous closure> 
(package:front_end/src/base/incremental_compiler.dart:308)
<asynchronous suspension>
#3      CompilerContext.clear 
(package:front_end/src/base/compiler_context.dart:92)
<asynchronous suspension>
#4      IncrementalCompiler.compile (package:vm/incremental_compiler.dart:86)
<asynchronous suspension>
#5      FrontendCompiler.compile 
(package:frontend_server/frontend_server.dart:674)
<asynchronous suspension>
#6      listenAndCompile.<anonymous closure> 
(package:frontend_server/frontend_server.dart:1449)
<asynchronous suspension>
ΓòÉΓòÉΓòí EXCEPTION CAUGHT BY FLUTTER TEST FRAMEWORK Γò₧ΓòÉΓòÉΓòÉΓòÉΓòÉΓòÉΓòÉΓòÉΓòÉΓòÉΓòÉΓòÉΓòÉΓòÉΓòÉΓòÉΓòÉΓòÉΓòÉΓòÉΓòÉΓòÉΓòÉΓòÉΓòÉΓòÉΓòÉΓòÉΓòÉΓòÉΓòÉΓòÉΓòÉΓòÉΓòÉΓòÉΓòÉΓòÉΓòÉΓòÉΓòÉΓòÉΓòÉΓòÉΓòÉΓòÉΓòÉΓòÉΓòÉΓòÉΓòÉΓòÉ
The following TestFailure was thrown running a test:
Expected: exactly one matching candidate
  Actual: _TextContainingWidgetFinder:<Found 0 widgets with text containing Validation Rules: []>
   Which: means none were found but one was expected

When the exception was thrown, this was the stack:
#4      main.<anonymous closure> (file:///C:/Projects/TraqTrace/frontend/traqtrace_app/test/features/epcis/screens/validation_rule_management_screen_test.dart:56:5)
<asynchronous suspension>
#5      testWidgets.<anonymous closure>.<anonymous closure> (package:flutter_test/src/widget_tester.dart:192:15)
<asynchronous suspension>
#6      TestWidgetsFlutterBinding._runTestBody (package:flutter_test/src/binding.dart:1682:5)
<asynchronous suspension>
<asynchronous suspension>
(elided one frame from package:stack_trace)

This was caught by the test expectation on the following line:
  file:///C:/Projects/TraqTrace/frontend/traqtrace_app/test/features/epcis/screens/validation_rule_management_screen_test.dart line 56
The test description was:
  ValidationRuleManagementScreen shows rules and UI elements
ΓòÉΓòÉΓòÉΓòÉΓòÉΓòÉΓòÉΓòÉΓòÉΓòÉΓòÉΓòÉΓòÉΓòÉΓòÉΓòÉΓòÉΓòÉΓòÉΓòÉΓòÉΓòÉΓòÉΓòÉΓòÉΓòÉΓòÉΓòÉΓòÉΓòÉΓòÉΓòÉΓòÉΓòÉΓòÉΓòÉΓòÉΓòÉΓòÉΓòÉΓòÉΓòÉΓòÉΓòÉΓòÉΓòÉΓòÉΓòÉΓòÉΓòÉΓòÉΓòÉΓòÉΓòÉΓòÉΓòÉΓòÉΓòÉΓòÉΓòÉΓòÉΓòÉΓòÉΓòÉΓòÉΓòÉΓòÉΓòÉΓòÉΓòÉΓòÉΓòÉΓòÉΓòÉΓòÉΓòÉΓòÉΓòÉΓòÉΓòÉΓòÉΓòÉΓòÉΓòÉΓòÉΓòÉΓòÉΓòÉΓòÉΓòÉΓòÉΓòÉΓòÉΓòÉΓòÉΓòÉΓòÉΓòÉΓòÉΓòÉ
01:05 +17 -7: C:/Projects/TraqTrace/frontend/traqtrace_app/test/features/epcis/screens/validation_rule_management_screen_test.dart: ValidationRuleManagementScreen shows rules and UI elements [E]
  Test failed. See exception logs above.
  The test description was: ValidationRuleManagementScreen shows rules and UI elements
  
Warning: At least one test in this suite creates an HttpClient. When running a test suite that uses
TestWidgetsFlutterBinding, all HTTP requests will return status code 400, and no network request
will actually be made. Any test expecting a real network connection and status code will fail.
To test code that needs an HttpClient, provide your own HttpClient implementation to the code under
test, so that your test can consistently provide a testable response to the code under test.
